135 runs; results -> D:\nefu\python\report-queue\bench\results\raw.csv
[1/135] celery-redis     noop      n=1000  w=1 #1: thr=  312.0 t/s  p50=  1134.8 ms  total=  3.205s  (0.3 min)
[2/135] celery-redis     noop      n=1000  w=1 #2: thr=  302.2 t/s  p50=  1148.2 ms  total=  3.309s  (0.4 min)
[3/135] celery-redis     noop      n=1000  w=1 #3: thr=  277.0 t/s  p50=  1413.2 ms  total=   3.61s  (0.5 min)
[4/135] celery-redis     noop      n=1000  w=2 #1: thr=  554.7 t/s  p50=   360.0 ms  total=  1.803s  (0.8 min)
[5/135] celery-redis     noop      n=1000  w=2 #2: thr=  552.7 t/s  p50=   364.4 ms  total=  1.809s  (0.9 min)
[6/135] celery-redis     noop      n=1000  w=2 #3: thr=  491.4 t/s  p50=   432.1 ms  total=  2.035s  (1.0 min)
[7/135] celery-redis     noop      n=1000  w=4 #1: thr=  653.1 t/s  p50=     3.3 ms  total=  1.531s  (1.3 min)
[8/135] celery-redis     noop      n=1000  w=4 #2: thr=  739.3 t/s  p50=     2.8 ms  total=  1.353s  (1.4 min)
[9/135] celery-redis     noop      n=1000  w=4 #3: thr=  740.8 t/s  p50=     2.8 ms  total=   1.35s  (1.5 min)
[10/135] celery-redis     noop      n=5000  w=1 #1: thr=  284.4 t/s  p50=  6378.9 ms  total= 17.582s  (2.0 min)
[11/135] celery-redis     noop      n=5000  w=1 #2: thr=  281.0 t/s  p50=  6794.3 ms  total= 17.795s  (2.3 min)
[12/135] celery-redis     noop      n=5000  w=1 #3: thr=  302.3 t/s  p50=  5773.5 ms  total= 16.537s  (2.7 min)
[13/135] celery-redis     noop      n=5000  w=2 #1: thr=  521.0 t/s  p50=  2012.0 ms  total=  9.596s  (3.1 min)
[14/135] celery-redis     noop      n=5000  w=2 #2: thr=  484.3 t/s  p50=  2180.0 ms  total= 10.324s  (3.3 min)
[15/135] celery-redis     noop      n=5000  w=2 #3: thr=  490.1 t/s  p50=  2231.3 ms  total= 10.203s  (3.6 min)
[16/135] celery-redis     noop      n=5000  w=4 #1: thr=  663.9 t/s  p50=     3.2 ms  total=  7.532s  (3.9 min)
[17/135] celery-redis     noop      n=5000  w=4 #2: thr=  751.9 t/s  p50=     2.9 ms  total=   6.65s  (4.1 min)
[18/135] celery-redis     noop      n=5000  w=4 #3: thr=  757.2 t/s  p50=     2.8 ms  total=  6.603s  (4.3 min)
[19/135] celery-redis     cpu_small n=1000  w=1 #1: thr=   17.1 t/s  p50= 29091.2 ms  total= 58.321s  (5.5 min)
[20/135] celery-redis     cpu_small n=1000  w=1 #2: thr=   16.2 t/s  p50= 30021.1 ms  total= 61.579s  (6.6 min)
[21/135] celery-redis     cpu_small n=1000  w=1 #3: thr=   17.3 t/s  p50= 29117.4 ms  total= 57.673s  (7.7 min)
[22/135] celery-redis     cpu_small n=1000  w=2 #1: thr=   31.6 t/s  p50= 14944.1 ms  total= 31.627s  (8.4 min)
[23/135] celery-redis     cpu_small n=1000  w=2 #2: thr=   31.3 t/s  p50= 15433.1 ms  total= 31.914s  (9.0 min)
[24/135] celery-redis     cpu_small n=1000  w=2 #3: thr=   33.0 t/s  p50= 14889.7 ms  total= 30.275s  (9.6 min)
[25/135] celery-redis     cpu_small n=1000  w=4 #1: thr=   62.9 t/s  p50=  7579.5 ms  total= 15.887s  (10.1 min)
[26/135] celery-redis     cpu_small n=1000  w=4 #2: thr=   63.3 t/s  p50=  7365.2 ms  total= 15.802s  (10.4 min)
[27/135] celery-redis     cpu_small n=1000  w=4 #3: thr=   63.1 t/s  p50=  7434.0 ms  total= 15.847s  (10.8 min)
[28/135] celery-redis     io_sleep  n=1000  w=1 #1: thr=   17.0 t/s  p50= 29509.4 ms  total= 58.683s  (12.0 min)
[29/135] celery-redis     io_sleep  n=1000  w=1 #2: thr=   17.1 t/s  p50= 28770.6 ms  total= 58.415s  (13.0 min)
[30/135] celery-redis     io_sleep  n=1000  w=1 #3: thr=   16.8 t/s  p50= 28733.5 ms  total= 59.634s  (14.1 min)
[31/135] celery-redis     io_sleep  n=1000  w=2 #1: thr=   33.3 t/s  p50= 14329.3 ms  total= 29.988s  (14.8 min)
[32/135] celery-redis     io_sleep  n=1000  w=2 #2: thr=   33.5 t/s  p50= 14500.4 ms  total= 29.838s  (15.4 min)
[33/135] celery-redis     io_sleep  n=1000  w=2 #3: thr=   33.1 t/s  p50= 14366.1 ms  total= 30.192s  (16.0 min)
[34/135] celery-redis     io_sleep  n=1000  w=4 #1: thr=   67.6 t/s  p50=  6941.7 ms  total= 14.798s  (16.4 min)
[35/135] celery-redis     io_sleep  n=1000  w=4 #2: thr=   67.8 t/s  p50=  6775.4 ms  total= 14.741s  (16.8 min)
[36/135] celery-redis     io_sleep  n=1000  w=4 #3: thr=   67.9 t/s  p50=  6796.5 ms  total= 14.725s  (17.1 min)
[37/135] celery-rabbitmq  noop      n=1000  w=1 #1: thr=  474.4 t/s  p50=   785.0 ms  total=  2.108s  (17.3 min)
[38/135] celery-rabbitmq  noop      n=1000  w=1 #2: thr=  445.8 t/s  p50=   777.6 ms  total=  2.243s  (17.4 min)
[39/135] celery-rabbitmq  noop      n=1000  w=1 #3: thr=  519.8 t/s  p50=   647.4 ms  total=  1.924s  (17.6 min)
[40/135] celery-rabbitmq  noop      n=1000  w=2 #1: thr=  783.7 t/s  p50=   345.6 ms  total=  1.276s  (17.8 min)
[41/135] celery-rabbitmq  noop      n=1000  w=2 #2: thr=  817.6 t/s  p50=   324.6 ms  total=  1.223s  (17.9 min)
[42/135] celery-rabbitmq  noop      n=1000  w=2 #3: thr=  804.6 t/s  p50=   362.1 ms  total=  1.243s  (18.0 min)
[43/135] celery-rabbitmq  noop      n=1000  w=4 #1: thr= 1334.2 t/s  p50=    59.8 ms  total=  0.749s  (18.2 min)
[44/135] celery-rabbitmq  noop      n=1000  w=4 #2: thr= 1335.8 t/s  p50=    53.5 ms  total=  0.749s  (18.3 min)
[45/135] celery-rabbitmq  noop      n=1000  w=4 #3: thr= 1343.5 t/s  p50=    57.4 ms  total=  0.744s  (18.4 min)
[46/135] celery-rabbitmq  noop      n=5000  w=1 #1: thr=  480.8 t/s  p50=  3825.0 ms  total= 10.399s  (18.8 min)
[47/135] celery-rabbitmq  noop      n=5000  w=1 #2: thr=  477.8 t/s  p50=  3763.5 ms  total= 10.464s  (19.1 min)
[48/135] celery-rabbitmq  noop      n=5000  w=1 #3: thr=  469.0 t/s  p50=  4005.6 ms  total= 10.661s  (19.3 min)
[49/135] celery-rabbitmq  noop      n=5000  w=2 #1: thr=  852.1 t/s  p50=  1573.0 ms  total=  5.868s  (19.6 min)
[50/135] celery-rabbitmq  noop      n=5000  w=2 #2: thr=  854.9 t/s  p50=  1515.5 ms  total=  5.848s  (19.8 min)
[51/135] celery-rabbitmq  noop      n=5000  w=2 #3: thr=  835.5 t/s  p50=  1648.9 ms  total=  5.985s  (20.0 min)
[52/135] celery-rabbitmq  noop      n=5000  w=4 #1: thr= 1378.3 t/s  p50=   293.6 ms  total=  3.628s  (20.3 min)
[53/135] celery-rabbitmq  noop      n=5000  w=4 #2: thr= 1247.2 t/s  p50=   409.2 ms  total=  4.009s  (20.4 min)
[54/135] celery-rabbitmq  noop      n=5000  w=4 #3: thr= 1345.6 t/s  p50=   333.3 ms  total=  3.716s  (20.6 min)
[55/135] celery-rabbitmq  cpu_small n=1000  w=1 #1: thr=   19.1 t/s  p50= 25794.4 ms  total= 52.456s  (21.7 min)
[56/135] celery-rabbitmq  cpu_small n=1000  w=1 #2: thr=   19.1 t/s  p50= 25820.5 ms  total= 52.318s  (22.7 min)
[57/135] celery-rabbitmq  cpu_small n=1000  w=1 #3: thr=   19.1 t/s  p50= 25745.3 ms  total= 52.263s  (23.6 min)
[58/135] celery-rabbitmq  cpu_small n=1000  w=2 #1: thr=   36.3 t/s  p50= 13476.2 ms  total= 27.535s  (24.3 min)
[59/135] celery-rabbitmq  cpu_small n=1000  w=2 #2: thr=   36.2 t/s  p50= 13568.7 ms  total= 27.599s  (24.8 min)
[60/135] celery-rabbitmq  cpu_small n=1000  w=2 #3: thr=   36.7 t/s  p50= 13302.4 ms  total= 27.232s  (25.3 min)
[61/135] celery-rabbitmq  cpu_small n=1000  w=4 #1: thr=   60.4 t/s  p50=  7988.2 ms  total= 16.551s  (25.9 min)
[62/135] celery-rabbitmq  cpu_small n=1000  w=4 #2: thr=   67.0 t/s  p50=  7332.3 ms  total= 14.934s  (26.2 min)
[63/135] celery-rabbitmq  cpu_small n=1000  w=4 #3: thr=   66.7 t/s  p50=  7255.2 ms  total= 15.003s  (26.5 min)
[64/135] celery-rabbitmq  io_sleep  n=1000  w=1 #1: thr=   16.8 t/s  p50= 29652.0 ms  total= 59.577s  (27.7 min)
[65/135] celery-rabbitmq  io_sleep  n=1000  w=1 #2: thr=   16.9 t/s  p50= 29376.5 ms  total= 59.104s  (28.8 min)
[66/135] celery-rabbitmq  io_sleep  n=1000  w=1 #3: thr=   16.9 t/s  p50= 29462.0 ms  total= 59.024s  (29.8 min)
[67/135] celery-rabbitmq  io_sleep  n=1000  w=2 #1: thr=   34.1 t/s  p50= 14564.8 ms  total= 29.351s  (30.5 min)
[68/135] celery-rabbitmq  io_sleep  n=1000  w=2 #2: thr=   34.1 t/s  p50= 14352.5 ms  total= 29.304s  (31.1 min)
[69/135] celery-rabbitmq  io_sleep  n=1000  w=2 #3: thr=   33.9 t/s  p50= 14417.6 ms  total= 29.475s  (31.7 min)
[70/135] celery-rabbitmq  io_sleep  n=1000  w=4 #1: thr=   69.0 t/s  p50=  6863.1 ms  total= 14.489s  (32.2 min)
[71/135] celery-rabbitmq  io_sleep  n=1000  w=4 #2: thr=   68.0 t/s  p50=  7073.0 ms  total= 14.697s  (32.5 min)
[72/135] celery-rabbitmq  io_sleep  n=1000  w=4 #3: thr=   68.7 t/s  p50=  7057.5 ms  total= 14.557s  (32.8 min)
[73/135] rq-redis         noop      n=1000  w=1 #1: thr=   13.1 t/s  p50= 37829.9 ms  total=  76.27s  (34.2 min)
[74/135] rq-redis         noop      n=1000  w=1 #2: thr=   13.2 t/s  p50= 37904.5 ms  total=  75.95s  (35.5 min)
[75/135] rq-redis         noop      n=1000  w=1 #3: thr=   13.1 t/s  p50= 37956.9 ms  total= 76.427s  (36.8 min)
[76/135] rq-redis         noop      n=1000  w=2 #1: thr=   24.7 t/s  p50= 20012.4 ms  total= 40.423s  (37.6 min)
[77/135] rq-redis         noop      n=1000  w=2 #2: thr=   24.5 t/s  p50= 20245.6 ms  total= 40.736s  (38.3 min)
[78/135] rq-redis         noop      n=1000  w=2 #3: thr=   24.3 t/s  p50= 20117.7 ms  total= 41.181s  (39.1 min)
[79/135] rq-redis         noop      n=1000  w=4 #1: thr=   44.5 t/s  p50= 11117.9 ms  total= 22.456s  (39.6 min)
[80/135] rq-redis         noop      n=1000  w=4 #2: thr=   44.2 t/s  p50= 10986.3 ms  total= 22.616s  (40.0 min)
[81/135] rq-redis         noop      n=1000  w=4 #3: thr=   44.7 t/s  p50= 10934.0 ms  total= 22.362s  (40.4 min)
[82/135] rq-redis         cpu_small n=1000  w=1 #1: thr=    6.9 t/s  p50= 72498.4 ms  total=145.563s  (42.9 min)
[83/135] rq-redis         cpu_small n=1000  w=1 #2: thr=    6.9 t/s  p50= 72302.7 ms  total= 145.07s  (45.4 min)
[84/135] rq-redis         cpu_small n=1000  w=1 #3: thr=    6.9 t/s  p50= 72253.3 ms  total=145.292s  (47.8 min)
[85/135] rq-redis         cpu_small n=1000  w=2 #1: thr=   12.9 t/s  p50= 38489.4 ms  total= 77.406s  (49.2 min)
[86/135] rq-redis         cpu_small n=1000  w=2 #2: thr=   12.9 t/s  p50= 38576.4 ms  total= 77.339s  (50.6 min)
[87/135] rq-redis         cpu_small n=1000  w=2 #3: thr=   12.9 t/s  p50= 38672.9 ms  total= 77.484s  (51.9 min)
[88/135] rq-redis         cpu_small n=1000  w=4 #1: thr=   23.3 t/s  p50= 21377.9 ms  total= 42.876s  (52.7 min)
[89/135] rq-redis         cpu_small n=1000  w=4 #2: thr=   23.4 t/s  p50= 21000.5 ms  total= 42.686s  (53.5 min)
[90/135] rq-redis         cpu_small n=1000  w=4 #3: thr=   23.3 t/s  p50= 21229.1 ms  total= 42.949s  (54.2 min)
[91/135] rq-redis         io_sleep  n=1000  w=1 #1: thr=    7.5 t/s  p50= 66603.9 ms  total=133.584s  (56.6 min)
[92/135] rq-redis         io_sleep  n=1000  w=1 #2: thr=    7.5 t/s  p50= 66932.3 ms  total=133.795s  (58.9 min)
[93/135] rq-redis         io_sleep  n=1000  w=1 #3: thr=    7.5 t/s  p50= 66369.3 ms  total= 133.74s  (61.1 min)
[94/135] rq-redis         io_sleep  n=1000  w=2 #1: thr=   14.7 t/s  p50= 33581.9 ms  total= 67.848s  (62.4 min)
[95/135] rq-redis         io_sleep  n=1000  w=2 #2: thr=   14.7 t/s  p50= 33641.1 ms  total= 67.864s  (63.5 min)
[96/135] rq-redis         io_sleep  n=1000  w=2 #3: thr=   14.7 t/s  p50= 33714.2 ms  total= 67.875s  (64.7 min)
[97/135] rq-redis         io_sleep  n=1000  w=4 #1: thr=   29.3 t/s  p50= 16791.6 ms  total= 34.107s  (65.4 min)
[98/135] rq-redis         io_sleep  n=1000  w=4 #2: thr=   29.2 t/s  p50= 16854.6 ms  total= 34.198s  (66.0 min)
[99/135] rq-redis         io_sleep  n=1000  w=4 #3: thr=   29.3 t/s  p50= 16961.5 ms  total= 34.111s  (66.6 min)
[100/135] rq-simple-redis  noop      n=1000  w=1 #1: thr=  279.6 t/s  p50=  1644.8 ms  total=  3.577s  (66.8 min)
[101/135] rq-simple-redis  noop      n=1000  w=1 #2: thr=  300.4 t/s  p50=  1429.6 ms  total=  3.329s  (66.9 min)
[102/135] rq-simple-redis  noop      n=1000  w=1 #3: thr=  304.7 t/s  p50=  1456.9 ms  total=  3.282s  (67.0 min)
[103/135] rq-simple-redis  noop      n=1000  w=2 #1: thr=  502.5 t/s  p50=   832.8 ms  total=   1.99s  (67.1 min)
[104/135] rq-simple-redis  noop      n=1000  w=2 #2: thr=  548.7 t/s  p50=   671.1 ms  total=  1.822s  (67.2 min)
[105/135] rq-simple-redis  noop      n=1000  w=2 #3: thr=  544.4 t/s  p50=   688.0 ms  total=  1.837s  (67.2 min)
[106/135] rq-simple-redis  noop      n=1000  w=4 #1: thr=  825.5 t/s  p50=   354.0 ms  total=  1.211s  (67.4 min)
[107/135] rq-simple-redis  noop      n=1000  w=4 #2: thr=  845.7 t/s  p50=   322.4 ms  total=  1.183s  (67.4 min)
[108/135] rq-simple-redis  noop      n=1000  w=4 #3: thr=  898.3 t/s  p50=   298.7 ms  total=  1.113s  (67.5 min)
[109/135] rq-simple-redis  noop      n=5000  w=1 #1: thr=  289.7 t/s  p50=  7480.1 ms  total= 17.258s  (67.9 min)
[110/135] rq-simple-redis  noop      n=5000  w=1 #2: thr=  296.3 t/s  p50=  7532.1 ms  total= 16.874s  (68.2 min)
[111/135] rq-simple-redis  noop      n=5000  w=1 #3: thr=  293.0 t/s  p50=  7474.5 ms  total= 17.067s  (68.5 min)
[112/135] rq-simple-redis  noop      n=5000  w=2 #1: thr=  537.3 t/s  p50=  3628.2 ms  total=  9.306s  (68.8 min)
[113/135] rq-simple-redis  noop      n=5000  w=2 #2: thr=  563.5 t/s  p50=  3370.2 ms  total=  8.873s  (69.0 min)
[114/135] rq-simple-redis  noop      n=5000  w=2 #3: thr=  536.2 t/s  p50=  3574.7 ms  total=  9.325s  (69.2 min)
[115/135] rq-simple-redis  noop      n=5000  w=4 #1: thr=  873.8 t/s  p50=  1538.5 ms  total=  5.722s  (69.4 min)
[116/135] rq-simple-redis  noop      n=5000  w=4 #2: thr=  919.1 t/s  p50=  1421.1 ms  total=   5.44s  (69.5 min)
[117/135] rq-simple-redis  noop      n=5000  w=4 #3: thr=  898.6 t/s  p50=  1521.3 ms  total=  5.564s  (69.6 min)
[118/135] rq-simple-redis  cpu_small n=1000  w=1 #1: thr=   18.9 t/s  p50= 26255.0 ms  total= 52.936s  (70.6 min)
[119/135] rq-simple-redis  cpu_small n=1000  w=1 #2: thr=   19.0 t/s  p50= 26215.8 ms  total= 52.753s  (71.6 min)
[120/135] rq-simple-redis  cpu_small n=1000  w=1 #3: thr=   19.0 t/s  p50= 26119.8 ms  total= 52.555s  (72.5 min)
[121/135] rq-simple-redis  cpu_small n=1000  w=2 #1: thr=   35.7 t/s  p50= 13902.0 ms  total=  28.05s  (73.1 min)
[122/135] rq-simple-redis  cpu_small n=1000  w=2 #2: thr=   35.8 t/s  p50= 13801.7 ms  total= 27.924s  (73.6 min)
[123/135] rq-simple-redis  cpu_small n=1000  w=2 #3: thr=   36.0 t/s  p50= 13676.2 ms  total=  27.74s  (74.1 min)
[124/135] rq-simple-redis  cpu_small n=1000  w=4 #1: thr=   64.0 t/s  p50=  7691.2 ms  total= 15.633s  (74.5 min)
[125/135] rq-simple-redis  cpu_small n=1000  w=4 #2: thr=   63.9 t/s  p50=  7731.4 ms  total= 15.653s  (74.8 min)
[126/135] rq-simple-redis  cpu_small n=1000  w=4 #3: thr=   65.7 t/s  p50=  7336.5 ms  total= 15.212s  (75.1 min)
[127/135] rq-simple-redis  io_sleep  n=1000  w=1 #1: thr=   15.7 t/s  p50= 31496.6 ms  total= 63.753s  (76.2 min)
[128/135] rq-simple-redis  io_sleep  n=1000  w=1 #2: thr=   15.8 t/s  p50= 31405.2 ms  total= 63.337s  (77.3 min)
[129/135] rq-simple-redis  io_sleep  n=1000  w=1 #3: thr=   15.7 t/s  p50= 31387.8 ms  total= 63.579s  (78.4 min)
[130/135] rq-simple-redis  io_sleep  n=1000  w=2 #1: thr=   31.6 t/s  p50= 15446.3 ms  total= 31.649s  (79.1 min)
[131/135] rq-simple-redis  io_sleep  n=1000  w=2 #2: thr=   31.7 t/s  p50= 15679.5 ms  total= 31.591s  (79.6 min)
[132/135] rq-simple-redis  io_sleep  n=1000  w=2 #3: thr=   31.8 t/s  p50= 15446.7 ms  total= 31.415s  (80.2 min)
[133/135] rq-simple-redis  io_sleep  n=1000  w=4 #1: thr=   64.7 t/s  p50=  7521.1 ms  total=  15.45s  (80.6 min)
[134/135] rq-simple-redis  io_sleep  n=1000  w=4 #2: thr=   64.7 t/s  p50=  7511.9 ms  total= 15.466s  (80.9 min)
[135/135] rq-simple-redis  io_sleep  n=1000  w=4 #3: thr=   64.5 t/s  p50=  7595.7 ms  total= 15.495s  (81.2 min)
summary -> D:\nefu\python\report-queue\bench\results\summary.csv (45 cells)
